{
    "generated_at": "2026-08-20T00:00:00Z",
    "plugins_used": [
        {"name": "HexHighEntropyString"},
        {"name": "SecretKeyword"},
        {"name": "Base64HighEntropyString"},
        {"name": "PrivateKeyDetector"},
        {"name": "AWSKeyDetector"},
        {"name": "AzureStorageKeyDetector"},
        {"name": "StripeDetector"},
        {"name": "MailchimpDetector"},
        {"name": "SendGridDetector"},
        {"name": "SlackDetector"},
        {"name": "TwilioKeyDetector"},
        {"name": "ArtifactoryDetector"},
        {"name": "GitHubTokenDetector"},
        {"name": "GitLabTokenDetector"},
        {"name": "HuggingFaceHubTokenDetector"},
        {"name": "SlackWebhookDetector"},
        {"name": "AgeDetector"},
        {"name": "JiraTokenDetector"}
    ],
    "results": {},
    "filters_used": [
        {"path": "file_path_filter"},
        {"path": "extension_filter"}
    ]
}
